main.c:106:5:main	16	static
main.c:204:6:SystemClock_Config	72	static
main.c:243:13:MX_TIM2_Init	48	static
main.c:292:13:MX_TIM3_Init	56	static
main.c:341:13:MX_TIM4_Init	32	static
main.c:386:13:MX_USART1_UART_Init	8	static
main.c:419:13:MX_GPIO_Init	40	static
main.c:452:6:HAL_UART_RxCpltCallback	16	static
main.c:466:5:__io_putchar	16	static
main.c:483:6:StartDefaultTask	24	static
main.c:504:6:StartTask02	24	static
main.c:525:6:StartTask03	24	static
main.c:543:6:Error_Handler	4	static,ignoring_inline_asm
