08:44:55 **** Incremental Build of configuration Debug for project create_prj_no_cubeMX ****
make -j8 all 
arm-none-eabi-gcc "../Driver/HAL_Lib/Src/stm32f1xx_hal.c" -mcpu=cortex-m3 -std=gnu11 -g3 -DDEBUG -DSTM32 -DSTM32F1 -DSTM32F103C6Tx -c -I../Inc -I"C:/Users/acer/OneDrive - Hanoi University of Science and Technology/NAM_4/KY_1/Design_embedded_system/workspace/create_prj_no_cubeMX/Driver/CMSIS" -I"C:/Users/acer/OneDrive - Hanoi University of Science and Technology/NAM_4/KY_1/Design_embedded_system/workspace/create_prj_no_cubeMX/Driver/Device" -I"C:/Users/acer/OneDrive - Hanoi University of Science and Technology/NAM_4/KY_1/Design_embedded_system/workspace/create_prj_no_cubeMX/Driver/HAL_Lib/Inc" -O0 -ffunction-sections -fdata-sections -Wall -fstack-usage -MMD -MP -MF"Driver/HAL_Lib/Src/stm32f1xx_hal.d" -MT"Driver/HAL_Lib/Src/stm32f1xx_hal.o" --specs=nano.specs -mfloat-abi=soft -mthumb -o "Driver/HAL_Lib/Src/stm32f1xx_hal.o"
arm-none-eabi-gcc "../Driver/HAL_Lib/Src/stm32f1xx_hal_cortex.c" -mcpu=cortex-m3 -std=gnu11 -g3 -DDEBUG -DSTM32 -DSTM32F1 -DSTM32F103C6Tx -c -I../Inc -I"C:/Users/acer/OneDrive - Hanoi University of Science and Technology/NAM_4/KY_1/Design_embedded_system/workspace/create_prj_no_cubeMX/Driver/CMSIS" -I"C:/Users/acer/OneDrive - Hanoi University of Science and Technology/NAM_4/KY_1/Design_embedded_system/workspace/create_prj_no_cubeMX/Driver/Device" -I"C:/Users/acer/OneDrive - Hanoi University of Science and Technology/NAM_4/KY_1/Design_embedded_system/workspace/create_prj_no_cubeMX/Driver/HAL_Lib/Inc" -O0 -ffunction-sections -fdata-sections -Wall -fstack-usage -MMD -MP -MF"Driver/HAL_Lib/Src/stm32f1xx_hal_cortex.d" -MT"Driver/HAL_Lib/Src/stm32f1xx_hal_cortex.o" --specs=nano.specs -mfloat-abi=soft -mthumb -o "Driver/HAL_Lib/Src/stm32f1xx_hal_cortex.o"
arm-none-eabi-gcc "../Driver/HAL_Lib/Src/stm32f1xx_hal_gpio.c" -mcpu=cortex-m3 -std=gnu11 -g3 -DDEBUG -DSTM32 -DSTM32F1 -DSTM32F103C6Tx -c -I../Inc -I"C:/Users/acer/OneDrive - Hanoi University of Science and Technology/NAM_4/KY_1/Design_embedded_system/workspace/create_prj_no_cubeMX/Driver/CMSIS" -I"C:/Users/acer/OneDrive - Hanoi University of Science and Technology/NAM_4/KY_1/Design_embedded_system/workspace/create_prj_no_cubeMX/Driver/Device" -I"C:/Users/acer/OneDrive - Hanoi University of Science and Technology/NAM_4/KY_1/Design_embedded_system/workspace/create_prj_no_cubeMX/Driver/HAL_Lib/Inc" -O0 -ffunction-sections -fdata-sections -Wall -fstack-usage -MMD -MP -MF"Driver/HAL_Lib/Src/stm32f1xx_hal_gpio.d" -MT"Driver/HAL_Lib/Src/stm32f1xx_hal_gpio.o" --specs=nano.specs -mfloat-abi=soft -mthumb -o "Driver/HAL_Lib/Src/stm32f1xx_hal_gpio.o"
arm-none-eabi-gcc "../Driver/HAL_Lib/Src/stm32f1xx_hal_gpio_ex.c" -mcpu=cortex-m3 -std=gnu11 -g3 -DDEBUG -DSTM32 -DSTM32F1 -DSTM32F103C6Tx -c -I../Inc -I"C:/Users/acer/OneDrive - Hanoi University of Science and Technology/NAM_4/KY_1/Design_embedded_system/workspace/create_prj_no_cubeMX/Driver/CMSIS" -I"C:/Users/acer/OneDrive - Hanoi University of Science and Technology/NAM_4/KY_1/Design_embedded_system/workspace/create_prj_no_cubeMX/Driver/Device" -I"C:/Users/acer/OneDrive - Hanoi University of Science and Technology/NAM_4/KY_1/Design_embedded_system/workspace/create_prj_no_cubeMX/Driver/HAL_Lib/Inc" -O0 -ffunction-sections -fdata-sections -Wall -fstack-usage -MMD -MP -MF"Driver/HAL_Lib/Src/stm32f1xx_hal_gpio_ex.d" -MT"Driver/HAL_Lib/Src/stm32f1xx_hal_gpio_ex.o" --specs=nano.specs -mfloat-abi=soft -mthumb -o "Driver/HAL_Lib/Src/stm32f1xx_hal_gpio_ex.o"
arm-none-eabi-gcc "../Driver/HAL_Lib/Src/stm32f1xx_hal_rcc.c" -mcpu=cortex-m3 -std=gnu11 -g3 -DDEBUG -DSTM32 -DSTM32F1 -DSTM32F103C6Tx -c -I../Inc -I"C:/Users/acer/OneDrive - Hanoi University of Science and Technology/NAM_4/KY_1/Design_embedded_system/workspace/create_prj_no_cubeMX/Driver/CMSIS" -I"C:/Users/acer/OneDrive - Hanoi University of Science and Technology/NAM_4/KY_1/Design_embedded_system/workspace/create_prj_no_cubeMX/Driver/Device" -I"C:/Users/acer/OneDrive - Hanoi University of Science and Technology/NAM_4/KY_1/Design_embedded_system/workspace/create_prj_no_cubeMX/Driver/HAL_Lib/Inc" -O0 -ffunction-sections -fdata-sections -Wall -fstack-usage -MMD -MP -MF"Driver/HAL_Lib/Src/stm32f1xx_hal_rcc.d" -MT"Driver/HAL_Lib/Src/stm32f1xx_hal_rcc.o" --specs=nano.specs -mfloat-abi=soft -mthumb -o "Driver/HAL_Lib/Src/stm32f1xx_hal_rcc.o"
arm-none-eabi-gcc "../Driver/HAL_Lib/Src/stm32f1xx_hal_rcc_ex.c" -mcpu=cortex-m3 -std=gnu11 -g3 -DDEBUG -DSTM32 -DSTM32F1 -DSTM32F103C6Tx -c -I../Inc -I"C:/Users/acer/OneDrive - Hanoi University of Science and Technology/NAM_4/KY_1/Design_embedded_system/workspace/create_prj_no_cubeMX/Driver/CMSIS" -I"C:/Users/acer/OneDrive - Hanoi University of Science and Technology/NAM_4/KY_1/Design_embedded_system/workspace/create_prj_no_cubeMX/Driver/Device" -I"C:/Users/acer/OneDrive - Hanoi University of Science and Technology/NAM_4/KY_1/Design_embedded_system/workspace/create_prj_no_cubeMX/Driver/HAL_Lib/Inc" -O0 -ffunction-sections -fdata-sections -Wall -fstack-usage -MMD -MP -MF"Driver/HAL_Lib/Src/stm32f1xx_hal_rcc_ex.d" -MT"Driver/HAL_Lib/Src/stm32f1xx_hal_rcc_ex.o" --specs=nano.specs -mfloat-abi=soft -mthumb -o "Driver/HAL_Lib/Src/stm32f1xx_hal_rcc_ex.o"
arm-none-eabi-gcc -o "create_prj_no_cubeMX.elf" @"objects.list"   -mcpu=cortex-m3 -T"C:\Users\acer\OneDrive - Hanoi University of Science and Technology\NAM_4\KY_1\Design_embedded_system\workspace\create_prj_no_cubeMX\STM32F103C6TX_FLASH.ld" --specs=nosys.specs -Wl,-Map="create_prj_no_cubeMX.map" -Wl,--gc-sections -static --specs=nano.specs -mfloat-abi=soft -mthumb -Wl,--start-group -lc -lm -Wl,--end-group
Finished building target: create_prj_no_cubeMX.elf
 
arm-none-eabi-size   create_prj_no_cubeMX.elf 
arm-none-eabi-objdump -h -S  create_prj_no_cubeMX.elf  > "create_prj_no_cubeMX.list"
arm-none-eabi-objcopy  -O ihex  create_prj_no_cubeMX.elf  "create_prj_no_cubeMX.hex"
arm-none-eabi-objcopy  -O binary  create_prj_no_cubeMX.elf  "create_prj_no_cubeMX.bin"
   text	   data	    bss	    dec	    hex	filename
   4556	     20	   1572	   6148	   1804	create_prj_no_cubeMX.elf
Finished building: default.size.stdout
 
Finished building: create_prj_no_cubeMX.hex
Finished building: create_prj_no_cubeMX.bin
 
 
Finished building: create_prj_no_cubeMX.list
 

08:45:00 Build Finished. 0 errors, 0 warnings. (took 4s.577ms)

