10:37:52 **** Incremental Build of configuration Debug for project Ds18b20 ****
make -j8 all 
arm-none-eabi-gcc "../Core/Src/main.c" -mcpu=cortex-m3 -std=gnu11 -g3 -DDEBUG -DUSE_HAL_DRIVER -DSTM32F103xB -c -I../Core/Inc -I../Drivers/STM32F1xx_HAL_Driver/Inc/Legacy -I../Drivers/STM32F1xx_HAL_Driver/Inc -I../Middlewares/Third_Party/FreeRTOS/Source/include -I../Middlewares/Third_Party/FreeRTOS/Source/CMSIS_RTOS_V2 -I../Middlewares/Third_Party/FreeRTOS/Source/portable/GCC/ARM_CM3 -I../Drivers/CMSIS/Device/ST/STM32F1xx/Include -I../Drivers/CMSIS/Include -O0 -ffunction-sections -fdata-sections -Wall -fstack-usage -MMD -MP -MF"Core/Src/main.d" -MT"Core/Src/main.o" --specs=nano.specs -mfloat-abi=soft -mthumb -o "Core/Src/main.o"
arm-none-eabi-gcc -o "Ds18b20.elf" @"objects.list"   -mcpu=cortex-m3 -T"C:\Users\acer\OneDrive - Hanoi University of Science and Technology\NAM_4\KY_1\Design_embedded_system\workspace\Ds18b20\STM32F103C8TX_FLASH.ld" --specs=nosys.specs -Wl,-Map="Ds18b20.map" -Wl,--gc-sections -static -u_printf_float --specs=nano.specs -mfloat-abi=soft -mthumb -Wl,--start-group -lc -lm -Wl,--end-group
Finished building target: Ds18b20.elf
 
arm-none-eabi-size   Ds18b20.elf 
arm-none-eabi-objdump -h -S  Ds18b20.elf  > "Ds18b20.list"
arm-none-eabi-objcopy  -O binary  Ds18b20.elf  "Ds18b20.bin"
   text	   data	    bss	    dec	    hex	filename
  37332	    488	   8488	  46308	   b4e4	Ds18b20.elf
Finished building: default.size.stdout
 
Finished building: Ds18b20.bin
 
Finished building: Ds18b20.list
 

10:37:57 Build Finished. 0 errors, 0 warnings. (took 4s.616ms)

