08:25:59 **** Incremental Build of configuration Debug for project TKHTN_run_scheduler ****
make -j8 all 
arm-none-eabi-gcc "../Core/Src/main.c" -mcpu=cortex-m3 -std=gnu11 -g3 -DDEBUG -DUSE_HAL_DRIVER -DSTM32F103xB -c -I../Core/Inc -I../Drivers/STM32F1xx_HAL_Driver/Inc -I../Drivers/STM32F1xx_HAL_Driver/Inc/Legacy -I../Drivers/CMSIS/Device/ST/STM32F1xx/Include -I../Drivers/CMSIS/Include -O0 -ffunction-sections -fdata-sections -Wall -fstack-usage -MMD -MP -MF"Core/Src/main.d" -MT"Core/Src/main.o" --specs=nano.specs -mfloat-abi=soft -mthumb -o "Core/Src/main.o"
arm-none-eabi-gcc -o "TKHTN_run_scheduler.elf" @"objects.list"   -mcpu=cortex-m3 -T"C:\Users\acer\OneDrive - Hanoi University of Science and Technology\NAM_4\KY_1\Design_embedded_system\workspace\TKHTN_run_scheduler\STM32F103C8TX_FLASH.ld" --specs=nosys.specs -Wl,-Map="TKHTN_run_scheduler.map" -Wl,--gc-sections -static -u_printf_float --specs=nano.specs -mfloat-abi=soft -mthumb -Wl,--start-group -lc -lm -Wl,--end-group
Finished building target: TKHTN_run_scheduler.elf
 
arm-none-eabi-size   TKHTN_run_scheduler.elf 
arm-none-eabi-objdump -h -S  TKHTN_run_scheduler.elf  > "TKHTN_run_scheduler.list"
arm-none-eabi-objcopy  -O ihex  TKHTN_run_scheduler.elf  "TKHTN_run_scheduler.hex"
   text	   data	    bss	    dec	    hex	filename
  29788	    484	   1948	  32220	   7ddc	TKHTN_run_scheduler.elf
arm-none-eabi-objcopy  -O binary  TKHTN_run_scheduler.elf  "TKHTN_run_scheduler.bin"
Finished building: default.size.stdout
 
Finished building: TKHTN_run_scheduler.hex
Finished building: TKHTN_run_scheduler.bin
 
 
Finished building: TKHTN_run_scheduler.list
 
