15:51:48 **** Incremental Build of configuration Debug for project TKHTN_don_nhiem2 ****
make -j8 all 
arm-none-eabi-gcc "../Core/Src/main.c" -mcpu=cortex-m3 -std=gnu11 -g3 -DDEBUG -DUSE_HAL_DRIVER -DSTM32F103xB -c -I../Core/Inc -I../Drivers/STM32F1xx_HAL_Driver/Inc -I../Drivers/STM32F1xx_HAL_Driver/Inc/Legacy -I../Drivers/CMSIS/Device/ST/STM32F1xx/Include -I../Drivers/CMSIS/Include -O0 -ffunction-sections -fdata-sections -Wall -fstack-usage -MMD -MP -MF"Core/Src/main.d" -MT"Core/Src/main.o" --specs=nano.specs -mfloat-abi=soft -mthumb -o "Core/Src/main.o"
arm-none-eabi-gcc -o "TKHTN_don_nhiem2.elf" @"objects.list"   -mcpu=cortex-m3 -T"C:\Users\acer\OneDrive - Hanoi University of Science and Technology\NAM_4\KY_1\Design_embedded_system\workspace\TKHTN_don_nhiem2\STM32F103C8TX_FLASH.ld" --specs=nosys.specs -Wl,-Map="TKHTN_don_nhiem2.map" -Wl,--gc-sections -static -u_printf_float --specs=nano.specs -mfloat-abi=soft -mthumb -Wl,--start-group -lc -lm -Wl,--end-group
Finished building target: TKHTN_don_nhiem2.elf
 
arm-none-eabi-size   TKHTN_don_nhiem2.elf 
arm-none-eabi-objdump -h -S  TKHTN_don_nhiem2.elf  > "TKHTN_don_nhiem2.list"
arm-none-eabi-objcopy  -O binary  TKHTN_don_nhiem2.elf  "TKHTN_don_nhiem2.bin"
   text	   data	    bss	    dec	    hex	filename
  26652	    484	   1740	  28876	   70cc	TKHTN_don_nhiem2.elf
Finished building: default.size.stdout
 
Finished building: TKHTN_don_nhiem2.bin
 
Finished building: TKHTN_don_nhiem2.list
 

15:51:50 Build Finished. 0 errors, 0 warnings. (took 2s.73ms)

